../Core/Src/main.c:96:6:HAL_CAN_RxFifo0MsgPendingCallback	24	static
../Core/Src/main.c:119:6:HAL_CAN_RxFifo1MsgPendingCallback	16	static
../Core/Src/main.c:159:5:main	16	static
../Core/Src/main.c:238:6:SystemClock_Config	88	static
../Core/Src/main.c:284:13:MX_ADC1_Init	24	static
../Core/Src/main.c:336:13:MX_CAN1_Init	48	static
../Core/Src/main.c:386:13:MX_CAN2_Init	48	static
../Core/Src/main.c:436:13:MX_TIM2_Init	64	static
../Core/Src/main.c:495:13:MX_USART1_UART_Init	8	static
../Core/Src/main.c:526:13:MX_DMA_Init	16	static
../Core/Src/main.c:544:13:MX_GPIO_Init	40	static
../Core/Src/main.c:571:1:__io_putchar	16	static
../Core/Src/main.c:585:6:Error_Handler	4	static,ignoring_inline_asm
